{"logTime": "0612/065443", "correlationVector":"Nj3J0GjMLDPwjt3xW/zAZs.1","action":"SyncServerConnectionManagerRequest", "result":"SYNC_SERVER_OK", "context":{"environment":"Prod_brazilsouth_prod-s01-001-sam-brazilsouth", "migrationStage":"NotStarted", "server":"akswtt005000018"}}
{"logTime": "0612/065443", "correlationVector":"Nj3J0GjMLDPwjt3xW/zAZs.2","action":"ProcessGetUpdates", "result":"Done", "context":{"dataType":"Encryption Keys", "deleted":"0", "process_failed_to_decrypt":"0", "process_pending_decryption":"0", "process_success":"1", "total":"1"}}
{"logTime": "0612/065444", "correlationVector":"+mkQUQ7yEJ3mT/y4xbzjoL","action":"SyncServerConnectionManagerRequest", "result":"SYNC_SERVER_OK", "context":{"environment":"", "migrationStage":"", "server":""}}
{"logTime": "0612/065444", "correlationVector":"+mkQUQ7yEJ3mT/y4xbzjoL.0","action":"EncryptionKeysFetcher.DownloadKeys:", "result":"Success", "context":Key count: 9, Last key timestamp: 2026-02-26T18:19:53Z}
{"logTime": "0612/065444", "correlationVector":"+mkQUQ7yEJ3mT/y4xbzjoL.1","action":"EncryptionKeysManager::SetEncryptionKeys:", "result":"Success", "context":Key names[9]:[9A6PiU/AoaG8H1c4hkUIVZrcDDCbNSO1/I9d3qyeCidb5FNrSngec1t5VfbgEDhINpbcbv0T4Ab4F6QE2u7B5A==][GDDtTDR/QuZ9GXOrU7xsooeuAVGV97V2BdD/QQmvciFVpKWXcxHZaRsC3XKjCX2+uVJ6FZMhZMzv2Cr8q/tipA==][kZ5YX0HkO7nvXkNYEBtlMGc5CFWu7jOTeJp23R0t2aBVSUA44JswCH/h/LMHRIhZ5aGy/0IVI2C0Cw/B6GWX8Q==][P1bWuybYXQ4GwYAv5G6cu6aD/quJvhXTwPqAUF1xjlJtWhGNvCAETRvJ/ALXeUUHAkYR7BkF9iwskDhHjMKbtg==][6iTyKkv0itkGF3UDAhvsBx6BFv6dOh0MK6A1CLAgVDJBc4GGMDUB68Hrwmir7WhkDKp6HY/iOShRDanIdGJOOg==][HwxRruZBmyDy7HoQ2A02hLgyLxHgEVQ1xCX6QZ6JI3ZbI+0YzleJg8DYtUX5/TuJyUucSQFpdgn+DoSdAezZeQ==][ORWJ49x5n3hEU9yQl9az1/7YIVKuZAXj9P3cLaYTfhTZuvcNVA4uYf6KoonRMleScoksYKlT7my9i5qiXoxnNg==][8uoUq7231cUf/UJo8gGoZ3JsY7R2PJAf11ZGDP/EW7o284beHN/l3fyM0fEt8MPMtf2w4ZXv6dTuqQsugMJKBg==][QUOlBlhjCRjbXO3ES68G6V1w3vpETNR5/cdc1wZLB15zVajiLKIEN7IgEevQ8SxbNEKSljj89TFoQmlp1Krh0g==]}
{"logTime": "0612/065444", "correlationVector":"+mkQUQ7yEJ3mT/y4xbzjoL.2","action":"EncryptionKeysManager::SetEncryptionKeysWithTimestamps:", "result":"Success", "context":Key timestamps[9]:[2021-06-12T14:18:12Z][2023-10-28T00:47:12Z][2024-01-12T01:22:46Z][2024-01-29T16:26:34Z][2024-08-20T22:01:33Z][2025-02-17T19:06:19Z][2025-08-17T17:33:42Z][2025-08-30T06:02:57Z][2026-02-26T18:19:53Z]}
{"logTime": "0612/065444", "correlationVector":"Nj3J0GjMLDPwjt3xW/zAZs","action":"Initial GetUpdates", "result":"", "context":Reason: NEW_CLIENT. cV=Nj3J0GjMLDPwjt3xW/zAZs}
{"logTime": "0612/065444", "correlationVector":"Nj3J0GjMLDPwjt3xW/zAZs.3","action":"GetUpdates Response", "result":"Success", "context":Received 1 update(s). cV=Nj3J0GjMLDPwjt3xW/zAZs.0;server=akswtt005000018;cloudType=Consumer;environment=Prod_brazilsouth_prod-s01-001-sam-brazilsouth;migrationStage=NotStarted}
{"logTime": "0612/065444", "correlationVector":"NA1lfAYTqQKc3vsgC5AWlB","action":"Initial GetUpdates", "result":"", "context":Reason: NEWLY_SUPPORTED_DATATYPE. cV=NA1lfAYTqQKc3vsgC5AWlB}
{"logTime": "0612/065445", "correlationVector":"NA1lfAYTqQKc3vsgC5AWlB.1","action":"SyncServerConnectionManagerRequest", "result":"SYNC_SERVER_OK", "context":{"environment":"Prod_brazilsouth_prod-s01-001-sam-brazilsouth", "migrationStage":"NotStarted", "server":"akswtt00500001c"}}
{"logTime": "0612/065445", "correlationVector":"NA1lfAYTqQKc3vsgC5AWlB.2","action":"ProcessGetUpdates", "result":"Done", "context":{"dataType":"Preferences", "deleted":"0", "process_failed_to_decrypt":"0", "process_pending_decryption":"0", "process_success":"81", "total":"81"}}
{"logTime": "0612/065445", "correlationVector":"NA1lfAYTqQKc3vsgC5AWlB.3","action":"ProcessGetUpdates", "result":"Done", "context":{"dataType":"Passwords", "deleted":"0", "process_failed_to_decrypt":"0", "process_pending_decryption":"0", "process_success":"164", "total":"164"}}
{"logTime": "0612/065445", "correlationVector":"NA1lfAYTqQKc3vsgC5AWlB.4","action":"ProcessGetUpdates", "result":"Done", "context":{"dataType":"Device Info", "deleted":"0", "process_failed_to_decrypt":"0", "process_pending_decryption":"0", "process_success":"5", "total":"5"}}
{"logTime": "0612/065445", "correlationVector":"NA1lfAYTqQKc3vsgC5AWlB.5","action":"GetUpdates Response", "result":"Success", "context":Received 250 update(s). cV=NA1lfAYTqQKc3vsgC5AWlB.0;server=akswtt00500001c;cloudType=Consumer;environment=Prod_brazilsouth_prod-s01-001-sam-brazilsouth;migrationStage=NotStarted Some updates remain.}
{"logTime": "0612/065445", "correlationVector":"iz4HNQv/U4Uzbd+r8oTFMg","action":"Initial GetUpdates", "result":"", "context":Reason: NEWLY_SUPPORTED_DATATYPE. cV=iz4HNQv/U4Uzbd+r8oTFMg}
{"logTime": "0612/065446", "correlationVector":"iz4HNQv/U4Uzbd+r8oTFMg.1","action":"SyncServerConnectionManagerRequest", "result":"SYNC_SERVER_OK", "context":{"environment":"Prod_brazilsouth_prod-s01-001-sam-brazilsouth", "migrationStage":"NotStarted", "server":"akswtt005000018"}}
{"logTime": "0612/065446", "correlationVector":"iz4HNQv/U4Uzbd+r8oTFMg.2","action":"ProcessGetUpdates", "result":"Done", "context":{"dataType":"Preferences", "deleted":"0", "process_failed_to_decrypt":"0", "process_pending_decryption":"0", "process_success":"9", "total":"9"}}
{"logTime": "0612/065446", "correlationVector":"iz4HNQv/U4Uzbd+r8oTFMg.3","action":"ProcessGetUpdates", "result":"Done", "context":{"dataType":"Passwords", "deleted":"0", "process_failed_to_decrypt":"0", "process_pending_decryption":"0", "process_success":"92", "total":"92"}}
{"logTime": "0612/065446", "correlationVector":"iz4HNQv/U4Uzbd+r8oTFMg.4","action":"ProcessGetUpdates", "result":"Done", "context":{"dataType":"Device Info", "deleted":"0", "process_failed_to_decrypt":"0", "process_pending_decryption":"0", "process_success":"3", "total":"3"}}
{"logTime": "0612/065446", "correlationVector":"iz4HNQv/U4Uzbd+r8oTFMg.5","action":"GetUpdates Response", "result":"Success", "context":Received 104 update(s). cV=iz4HNQv/U4Uzbd+r8oTFMg.0;server=akswtt005000018;cloudType=Consumer;environment=Prod_brazilsouth_prod-s01-001-sam-brazilsouth;migrationStage=NotStarted}
{"logTime": "0612/065446", "correlationVector":"klJb84xtOn9b0cF0/FqZGd","action":"Initial GetUpdates", "result":"", "context":Reason: NEWLY_SUPPORTED_DATATYPE. cV=klJb84xtOn9b0cF0/FqZGd}
{"logTime": "0612/065446", "correlationVector":"klJb84xtOn9b0cF0/FqZGd","action":"SyncServerConnectionManagerRequest", "result":"CONNECTION_UNAVAILABLE", "context":{"error_type":"net_error_code", "error_value":"-3"}}
